



U-Boot 1.0.0 (Apr 20 2006 - 12:51:09)


U-Boot code: 03E00000 -> 03E49610  BSS: -> 03E82208

IRQ Stack: 03ea3204

FIQ Stack: 03ea4204

DRAM Configuration:

Bank #0: 00100000 63 MB

Flash:  0 kB

[quicksnaps] input skipped: 1 Player Start not available
NAND:Probing at 0x9c000000

Flash chip found:

	 Manufacturer ID: 0xEC, Chip ID: 0x76 (Samsung K9F1208 64Mb)

1 flash chips found. Total nand_chip size: 64 MB

Get Environment from NAND offset 0x70000 ... 

*** Warning - bad CRC, using default environment


In:    serial

Out:   serial

Err:   serial


NAND read: device 0 offset 0x1a0000, size 0x40000 ... nand_read_ecc: Failed ECC read, page 0x00000d00

nand_read_ecc: Failed ECC read, page 0x00000d00

nand_read_ecc: Failed ECC read, page 0x00000d01

nand_read_ecc: Failed ECC read, page 0x00000d01

nand_read_ecc: Failed ECC read, page 0x00000d02

nand_read_ecc: Failed ECC read, page 0x00000d02

nand_read_ecc: Failed ECC read, page 0x00000d03

nand_read_ecc: Failed ECC read, page 0x00000d03

nand_read_ecc: Failed ECC read, page 0x00000d04

nand_read_ecc: Failed ECC read, page 0x00000d04

nand_read_ecc: Failed ECC read, page 0x00000d05

nand_read_ecc: Failed ECC read, page 0x00000d05

nand_read_ecc: Failed ECC read, page 0x00000d06

nand_read_ecc: Failed ECC read, page 0x00000d06

nand_read_ecc: Failed ECC read, page 0x00000d07

nand_read_ecc: Failed ECC read, page 0x00000d07

nand_read_ecc: Failed ECC read, page 0x00000d08

nand_read_ecc: Failed ECC read, page 0x00000d08

nand_read_ecc: Failed ECC read, page 0x00000d09

nand_read_ecc: Failed ECC read, page 0x00000d09

nand_read_ecc: Failed ECC read, page 0x00000d0a

nand_read_ecc: Failed ECC read, page 0x00000d0a

nand_read_ecc: Failed ECC read, page 0x00000d0b

nand_read_ecc: Failed ECC read, page 0x00000d0b

nand_read_ecc: Failed ECC read, page 0x00000d0c

nand_read_ecc: Failed ECC read, page 0x00000d0c

nand_read_ecc: Failed ECC read, page 0x00000d0d

nand_read_ecc: Failed ECC read, page 0x00000d0d

nand_read_ecc: Failed ECC read, page 0x00000d0e

nand_read_ecc: Failed ECC read, page 0x00000d0f

nand_read_ecc: Failed ECC read, page 0x00000d0f

nand_read_ecc: Failed ECC read, page 0x00000d10

nand_read_ecc: Failed ECC read, page 0x00000d10

nand_read_ecc: Failed ECC read, page 0x00000d11

nand_read_ecc: Failed ECC read, page 0x00000d11

nand_read_ecc: Failed ECC read, page 0x00000d12

nand_read_ecc: Failed ECC read, page 0x00000d12

nand_read_ecc: Failed ECC read, page 0x00000d13

nand_read_ecc: Failed ECC read, page 0x00000d13

nand_read_ecc: Failed ECC read, page 0x00000d14

nand_read_ecc: Failed ECC read, page 0x00000d14

nand_read_ecc: Failed ECC read, page 0x00000d15

nand_read_ecc: Failed ECC read, page 0x00000d15

nand_read_ecc: Failed ECC read, page 0x00000d16

nand_read_ecc: Failed ECC read, page 0x00000d16

nand_read_ecc: Failed ECC read, page 0x00000d17

nand_read_ecc: Failed ECC read, page 0x00000d17

nand_read_ecc: Failed ECC read, page 0x00000d18

nand_read_ecc: Failed ECC read, page 0x00000d19

nand_read_ecc: Failed ECC read, page 0x00000d19

nand_read_ecc: Failed ECC read, page 0x00000d1a

nand_read_ecc: Failed ECC read, page 0x00000d1a

nand_read_ecc: Failed ECC read, page 0x00000d1b

nand_read_ecc: Failed ECC read, page 0x00000d1b

nand_read_ecc: Failed ECC read, page 0x00000d1c

nand_read_ecc: Failed ECC read, page 0x00000d1c

nand_read_ecc: Failed ECC read, page 0x00000d1d

nand_read_ecc: Failed ECC read, page 0x00000d1e

nand_read_ecc: Failed ECC read, page 0x00000d1e

nand_read_ecc: Failed ECC read, page 0x00000d1f

nand_read_ecc: Failed ECC read, page 0x00000d1f

 0 bytes read: ERROR


 ac97 codec is not ready 


SD Initialize fail..



NAND read: device 0 offset 0x80000, size 0xb0000 ... nand_read_ecc: Failed ECC read, page 0x00000400

nand_read_ecc: Failed ECC read, page 0x00000400

nand_read_ecc: Failed ECC read, page 0x00000401

nand_read_ecc: Failed ECC read, page 0x00000401

nand_read_ecc: Failed ECC read, page 0x00000402

nand_read_ecc: Failed ECC read, page 0x00000402

nand_read_ecc: Failed ECC read, page 0x00000403

nand_read_ecc: Failed ECC read, page 0x00000404

nand_read_ecc: Failed ECC read, page 0x00000404

nand_read_ecc: Failed ECC read, page 0x00000405

nand_read_ecc: Failed ECC read, page 0x00000405

nand_read_ecc: Failed ECC read, page 0x00000406

nand_read_ecc: Failed ECC read, page 0x00000406

nand_read_ecc: Failed ECC read, page 0x00000407

nand_read_ecc: Failed ECC read, page 0x00000408

nand_read_ecc: Failed ECC read, page 0x00000408

nand_read_ecc: Failed ECC read, page 0x00000409

nand_read_ecc: Failed ECC read, page 0x00000409

nand_read_ecc: Failed ECC read, page 0x0000040a

nand_read_ecc: Failed ECC read, page 0x0000040a

nand_read_ecc: Failed ECC read, page 0x0000040b

nand_read_ecc: Failed ECC read, page 0x0000040b

nand_read_ecc: Failed ECC read, page 0x0000040c

nand_read_ecc: Failed ECC read, page 0x0000040c

nand_read_ecc: Failed ECC read, page 0x0000040d

nand_read_ecc: Failed ECC read, page 0x0000040d

nand_read_ecc: Failed ECC read, page 0x0000040e

nand_read_ecc: Failed ECC read, page 0x0000040f

nand_read_ecc: Failed ECC read, page 0x0000040f

nand_read_ecc: Failed ECC read, page 0x00000410

nand_read_ecc: Failed ECC read, page 0x00000410

nand_read_ecc: Failed ECC read, page 0x00000411

nand_read_ecc: Failed ECC read, page 0x00000411

nand_read_ecc: Failed ECC read, page 0x00000412

nand_read_ecc: Failed ECC read, page 0x00000413

nand_read_ecc: Failed ECC read, page 0x00000413

nand_read_ecc: Failed ECC read, page 0x00000414

nand_read_ecc: Failed ECC read, page 0x00000414

nand_read_ecc: Failed ECC read, page 0x00000415

nand_read_ecc: Failed ECC read, page 0x00000415

nand_read_ecc: Failed ECC read, page 0x00000416

nand_read_ecc: Failed ECC read, page 0x00000416

nand_read_ecc: Failed ECC read, page 0x00000417

nand_read_ecc: Failed ECC read, page 0x00000417

nand_read_ecc: Failed ECC read, page 0x00000418

nand_read_ecc: Failed ECC read, page 0x00000418

nand_read_ecc: Failed ECC read, page 0x00000419

nand_read_ecc: Failed ECC read, page 0x00000419

nand_read_ecc: Failed ECC read, page 0x0000041a

nand_read_ecc: Failed ECC read, page 0x0000041a

nand_read_ecc: Failed ECC read, page 0x0000041b

nand_read_ecc: Failed ECC read, page 0x0000041b

nand_read_ecc: Failed ECC read, page 0x0000041c

nand_read_ecc: Failed ECC read, page 0x0000041c

nand_read_ecc: Failed ECC read, page 0x0000041d

nand_read_ecc: Failed ECC read, page 0x0000041d

nand_read_ecc: Failed ECC read, page 0x0000041e

nand_read_ecc: Failed ECC read, page 0x0000041f

nand_read_ecc: Failed ECC read, page 0x0000041f

 0 bytes read: ERROR

### main_loop: bootcmd="bootm"

Hit any key to stop autoboot:  0 

## Booting image at 01000000 ...

   Image Name:   MMSP2 Linux Kernel

   Created:      2006-04-20   5:33:25 UTC

   Image Type:   ARM Linux Kernel Image (gzip compressed)

   Data Size:    632921 Bytes = 618.1 kB

   Load Address: 00008000

   Entry Point:  00008000

   Verifying Checksum ... Bad Data CRC

GP2X# Average speed: 61.22% (31 seconds)
