internal.rom NOT FOUND (NO GOOD DUMP KNOWN) (tried in tagalaga)
WARNING: the machine might not run correctly.
rx underflow!
[quicksnaps] input skipped: 1 Player Start not available
rx underflow!
rx underflow!
rx underflow!
rx underflow!
rx underflow!
rx underflow!
rx underflow!
rx underflow!
rx underflow!
rx underflow!
rx underflow!
rx underflow!
rx underflow!
rx underflow!
Ignoring MAME exception: SPI set to unknown/unhandled command 00

Fatal error: SPI set to unknown/unhandled command 00

Average speed: 162.25% (1 seconds)
