mb90082_char.bin NOT FOUND (NO GOOD DUMP KNOWN) (tried in mb90082 pss61 sfcbox)
WARNING: the machine might not run correctly.
[quicksnaps] input skipped: 1 Player Start not available
Reserved? ROM / DSP SRAM map 2
00000000 SRAM base
00 GSU Slot
2K SRAM Size
ROM5 ROM Socket
00 ROM Slot
01 SRAM Enable
00 SRAM Slot
00 DSP Enable
00 DSP Slot
LoROM ROM / DSP / SRAM maps
LoROM ROM / DSP SRAM map 2
00000000 SRAM base
00 GSU Slot
32K SRAM Size
ROM5 ROM Socket
00 ROM Slot
01 SRAM Enable
00 SRAM Slot
00 DSP Enable
00 DSP Slot
LoROM ROM / DSP / SRAM maps
LoROM ROM / DSP SRAM map 2
00008000 SRAM base
00 GSU Slot
32K SRAM Size
ROM5 ROM Socket
00 ROM Slot
01 SRAM Enable
00 SRAM Slot
00 DSP Enable
00 DSP Slot
LoROM ROM / DSP / SRAM maps
LoROM ROM / DSP SRAM map 2
00010000 SRAM base
00 GSU Slot
32K SRAM Size
ROM5 ROM Socket
00 ROM Slot
01 SRAM Enable
00 SRAM Slot
00 DSP Enable
00 DSP Slot
LoROM ROM / DSP / SRAM maps
LoROM ROM / DSP SRAM map 2
00018000 SRAM base
00 GSU Slot
32K SRAM Size
Reserved? ROM / DSP SRAM map 2
00018000 SRAM base
00 GSU Slot
32K SRAM Size
ROM5 ROM Socket
00 ROM Slot
01 SRAM Enable
00 SRAM Slot
00 DSP Enable
00 DSP Slot
LoROM ROM / DSP / SRAM maps
LoROM ROM / DSP SRAM map 2
00010000 SRAM base
00 GSU Slot
32K SRAM Size
Average speed: 325.55% (31 seconds)
