[quicksnaps] input skipped: 1 Player Start not available
c[2JMCD Init: default CS0 = 6 failed (short reads: enabled)
MCD Init Failed: CS0 Timing detect failed
sst1Init Routines: Glide(tm) Version 2.1.1
sst1InitMapBoard(): BoardsInSystem = 1
sst1InitMapBoard(): vAddr:0xaa000000 pAddr:0xa000000 Dev:0x7 Board:0
sst1InitRegisters(): Setting TREX-to-FBI FIFO THRESHOLD to 0x8...
sst1InitRegisters(): Setting PRELIM FT-CLK delay to 0xa...
sst1InitRegisters(): Storing TREX0INIT0=0x5441
sst1InitRegisters(): Storing TREX0INIT1=0xf420
sst1InitRegisters(): Storing TREX1INIT0=0x5441
sst1InitRegisters(): Storing TREX1INIT1=0xf420
sst1InitRegisters(): Storing TREX2INIT0=0x5441
sst1InitRegisters(): Storing TREX2INIT1=0xf420
sst1InitRegisters(): Setting up FAST DRAM Configuration
sst1DeviceInfo: Filling info Struct with default values...
sst1DeviceInfo: Board ID: Obsidian PRO
sst1DeviceInfo: FbiConfig:0x0, TmuConfig:0x9
sst1DeviceInfo: FBI Revision:0, TMU Revison:1, Num TMUs:1
sst1DeviceInfo: FBI Memory:2, TMU[0] Memory:4
sst1DeviceInfo: Dac Type: ICS ICS5342
sst1DeviceInfo: SliDetect:1
sst1InitRegisters(): LFB Writes go through memory FIFO...
sst1InitRegisters(): TEXTURE Writes go through memory FIFO...
sst1InitRegisters(): exiting with status 1...
glide_cfg.c: grSstQueryHardWare() returned OK.
glide_cfg.c: boards in system = 1
glide_cfg.c: opening board #0 with SLI enabled
sst1InitVideo(): Enabling Video Clock...
sst1InitCalcGrxClk(): Overriding default clk frequency with SST_GRXCLK
sst1InitVideo() Setting up video for resolution (640, 480), Refresh:60 Hz...
sst1InitVideo(): Video Fifo Threshold = 23
sst1InitVideo(): pciFifoLwm:13  memFifoLwm:23  memFifoHwm:54
sst1InitVideo(): Enabling Memory FIFO (Entries=31231)...
sst1InitVideo(): Setting memory FIFO LWM to 0x861f (34335)
sst1InitVideo(): vInClkDel=0x0  vOutClkDel=0x0
sst1InitVideo(): Setting 24BPP video mode...
sst1InitVideo(): Setting FBI-to-TREX clock delay to 0xa...
sst1InitVideo(): Setting TREX#0 TREX-to-FBI clock delay to 0x6
sst1InitVideo(): Setting TREX#1 TREX-to-FBI clock delay to 0x6
sst1InitVideo(): Setting TREX#2 TREX-to-FBI clock delay to 0x6
sst1InitGrxClk(): Setting up 50 MHz Graphics Clock...
sst1InitSetVidClk(): Setting up  MHz Video Clock...
sst1InitVideo() exiting with status 1...
sst1InitGammaRGB(): Enabling Video Clock...
sst1InitGammaRGB(): Setting GammaRGB = (,,)
sst1InitGammaRGB() exiting with status 1...
Average speed: 736.85% (31 seconds)
