9a NOT FOUND (NO GOOD DUMP KNOWN) (tried in changyu2)
9b NOT FOUND (NO GOOD DUMP KNOWN) (tried in changyu2)
WARNING: the machine might not run correctly.
MCU P1 ff
set ctrl 80 at 0000.000,339,500
[quicksnaps] input skipped: 1 Player Start not available
set cmd 00 at 0000.171,483,500
set ctrl 00 at 0000.171,488,500
read cmd 00 at 0000.171,520,414
set ctrl 80 at 0000.171,541,500
set cmd 80 at 0000.482,885,500
set ctrl 00 at 0000.482,890,500
read cmd 80 at 0000.482,923,258
set ctrl 80 at 0000.482,943,500
set cmd 80 at 0000.809,588,500
set ctrl 00 at 0000.809,593,500
read cmd 80 at 0000.809,626,095
set ctrl 80 at 0000.809,646,500
set cmd 80 at 0001.148,158,000
set ctrl 00 at 0001.148,163,000
read cmd 80 at 0001.148,193,925
set ctrl 80 at 0001.148,216,000
set cmd 80 at 0001.418,349,500
set ctrl 00 at 0001.418,354,500
read cmd 80 at 0001.418,387,290
set ctrl 80 at 0001.418,407,500
set cmd 0d at 0001.520,115,500
set ctrl 00 at 0001.520,120,500
read cmd 0d at 0001.520,151,739
set ctrl 80 at 0001.520,173,500
set ctrl 80 at 0001.520,274,000
set cmd 0d at 0001.557,294,000
set ctrl 00 at 0001.557,299,000
read cmd 0d at 0001.557,330,721
set ctrl 80 at 0001.557,352,000
set cmd 0d at 0003.640,712,500
set ctrl 00 at 0003.640,717,500
read cmd 0d at 0003.640,750,179
set ctrl 80 at 0003.640,770,500
set cmd 0d at 0005.310,650,000
set ctrl 00 at 0005.310,655,000
read cmd 0d at 0005.310,685,844
set ctrl 80 at 0005.310,708,000
set cmd 01 at 0006.660,584,500
set ctrl 00 at 0006.660,589,500
read cmd 01 at 0006.660,622,169
set ctrl 80 at 0006.660,642,500
set cmd 01 at 0008.503,990,000
set ctrl 00 at 0008.503,995,000
read cmd 01 at 0008.504,026,747
set ctrl 80 at 0008.504,048,000
set cmd 01 at 0010.313,054,000
set ctrl 00 at 0010.313,059,000
read cmd 01 at 0010.313,090,343
set ctrl 80 at 0010.313,112,000
Average speed: 1214.67% (31 seconds)
